Microchip MPLAB XC8 Compiler V2.36

Linker command line:

-W-3 --edf=/Applications/microchip/xc8/v2.36/pic/dat/en_msgs.txt -cn \
  -h+dist/default/production/18f26K22-rev0.01.X.production.sym \
  --cmf=dist/default/production/18f26K22-rev0.01.X.production.cmf -z \
  -Q18F26K22 -o/tmp/xcfr0wmEN --defsym=__MPLAB_BUILD=1 \
  -Mdist/default/production/18f26K22-rev0.01.X.production.map \
  --md=/tmp/xchGqbNu0.dat -E1 -ver=XC8 Compiler --acfsm=1493 \
  -ACODE=00h-0FFFFh -ACONST=00h-0FFFFh -ASMALLCONST=01000h-010FFhx240 \
  -AMEDIUMCONST=01000h-0FFFFh -ACOMRAM=01h-05Fh -AABS1=00h-0F37h \
  -ABIGRAM=01h-0F37h -ARAM=060h-0FFh,0100h-01FFhx14,0F00h-0F37h \
  -ABANK0=060h-0FFh -ABANK1=0100h-01FFh -ABANK2=0200h-02FFh \
  -ABANK3=0300h-03FFh -ABANK4=0400h-04FFh -ABANK5=0500h-05FFh \
  -ABANK6=0600h-06FFh -ABANK7=0700h-07FFh -ABANK8=0800h-08FFh \
  -ABANK9=0900h-09FFh -ABANK10=0A00h-0AFFh -ABANK11=0B00h-0BFFh \
  -ABANK12=0C00h-0CFFh -ABANK13=0D00h-0DFFh -ABANK14=0E00h-0EFFh \
  -ABANK15=0F00h-0F37h -ASFR=0F38h-0F5Fh,0F60h-0FFFh -ABIGSFR=0F38h-0FFFh \
  -ACONFIG=0300000h-030000Dh -AIDLOC=0200000h-0200007h \
  -AEEDATA=0F00000h-0F003FFh -peeprom_data=EEDATA \
  -preset_vec=00h,intcode=08h,intcodelo,powerup,init -pramtop=01000h \
  -psmallconst=SMALLCONST -pmediumconst=MEDIUMCONST -pconst=CONST \
  -AFARRAM=00h-00h \
  -prdata=COMRAM,nvrram=COMRAM,nvbit=COMRAM,rbss=COMRAM,rbit=COMRAM \
  -pfarbss=FARRAM,fardata=FARRAM,nvFARRAM=FARRAM \
  -pintsave_regs=BIGRAM,bigbss=BIGRAM,bigdata=BIGRAM -pbss=RAM \
  -pidata=CODE,irdata=CODE,ibigdata=CODE,ifardata=CODE -prparam=COMRAM \
  /tmp/xcXbvgP75.o dist/default/production/18f26K22-rev0.01.X.production.o 

Object code version is 3.11

Machine type is 18F26K22



                Name                               Link     Load   Length Selector   Space Scale
/tmp/xcXbvgP75.o
                idloc                            200000   200000        8        0       5
                config                           300000   300000        E        0       4
                init                                 7C       7C        4        4       0
                reset_vec                             0        0        4        0       0
dist/default/production/18f26K22-rev0.01.X.production.o
                intcode                               8        8       74        4       0
                idloc                            200000   200000        8        0       5
                config                           300000   300000        E        0       4
                temp                                 3F       3F        1        1       1
                smallconst                         1000     1000        6      800       0
                text40                             1D98     1D98       28      803       0
                text39                             1B5E     1B5E       50      803       0
                text38                             14C8     14C8      122      803       0
                text37                             1ABC     1ABC       52      803       0
                text36                             1D0A     1D0A       38      803       0
                text35                             17D4     17D4       88      803       0
                text34                             1C46     1C46       4A      803       0
                text33                             1EF6     1EF6        2      803       0
                text32                             1CD0     1CD0       3A      803       0
                text30                             1E46     1E46       1E      803       0
                text29                             1B0E     1B0E       50      803       0
                text28                             1E7E     1E7E       1A      803       0
                text27                             1C90     1C90       40      803       0
                text26                             185C     185C       80      803       0
                text25                             1946     1946       6A      803       0
                text24                             13A2     13A2      126      803       0
                text23                             1A6A     1A6A       52      803       0
                text22                             1744     1744       90      803       0
                text21                             18DC     18DC       6A      803       0
                text20                             169A     169A       AA      803       0
                text19                             1144     1144      132      803       0
                text18                             19B0     19B0       68      803       0
                text17                             1E28     1E28       1E      803       0
                text16                             1E64     1E64       1A      803       0
                text15                             1BAE     1BAE       4E      803       0
                text14                             1BFC     1BFC       4A      803       0
                text13                             1DE6     1DE6       22      803       0
                text12                             1E08     1E08       20      803       0
                text11                             1006     1006      13E      803       0
                text10                             15EA     15EA       B0      803       0
                text9                              1EC0     1EC0       10      803       0
                text8                              1276     1276      12C      803       0
                text7                              1EF2     1EF2        4      803       0
                text6                              1ED0     1ED0        E      803       0
                text5                              1D42     1D42       2C      803       0
                text4                              1EAE     1EAE       12      803       0
                text3                              1EE8     1EE8        A      803       0
                text2                              1D6E     1D6E       2A      803       0
                text1                              1E98     1E98       16      803       0
                text0                              1DC0     1DC0       26      803       0
                cstackCOMRAM                          1        1       2C        1       1
                cstackBANK0                          B3       B3       43       60       1
                bssBIGRAM                            F6       F6      130       F6       1
                bssBANK0                             60       60       53       60       1
                dataCOMRAM                           2D       2D        A        1       1
                bssCOMRAM                            3B       3B        4        1       1
                cinit                              1A18     1A18       52      803       0
                nvCOMRAM                             37       37        4        1       1
                idataCOMRAM                        1EDE     1EDE        A      803       0

TOTAL           Name                               Link     Load   Length     Space
        CLASS   CODE           
                intcode                               8        8       74         0
                init                                 7C       7C        4         0
                reset_vec                             0        0        4         0
                text40                             1D98     1D98       28         0
                text39                             1B5E     1B5E       50         0
                text38                             14C8     14C8      122         0
                text37                             1ABC     1ABC       52         0
                text36                             1D0A     1D0A       38         0
                text35                             17D4     17D4       88         0
                text34                             1C46     1C46       4A         0
                text33                             1EF6     1EF6        2         0
                text32                             1CD0     1CD0       3A         0
                text30                             1E46     1E46       1E         0
                text29                             1B0E     1B0E       50         0
                text28                             1E7E     1E7E       1A         0
                text27                             1C90     1C90       40         0
                text26                             185C     185C       80         0
                text25                             1946     1946       6A         0
                text24                             13A2     13A2      126         0
                text23                             1A6A     1A6A       52         0
                text22                             1744     1744       90         0
                text21                             18DC     18DC       6A         0
                text20                             169A     169A       AA         0
                text19                             1144     1144      132         0
                text18                             19B0     19B0       68         0
                text17                             1E28     1E28       1E         0
                text16                             1E64     1E64       1A         0
                text15                             1BAE     1BAE       4E         0
                text14                             1BFC     1BFC       4A         0
                text13                             1DE6     1DE6       22         0
                text12                             1E08     1E08       20         0
                text11                             1006     1006      13E         0
                text10                             15EA     15EA       B0         0
                text9                              1EC0     1EC0       10         0
                text8                              1276     1276      12C         0
                text7                              1EF2     1EF2        4         0
                text6                              1ED0     1ED0        E         0
                text5                              1D42     1D42       2C         0
                text4                              1EAE     1EAE       12         0
                text3                              1EE8     1EE8        A         0
                text2                              1D6E     1D6E       2A         0
                text1                              1E98     1E98       16         0
                text0                              1DC0     1DC0       26         0
                cinit                              1A18     1A18       52         0
                idataCOMRAM                        1EDE     1EDE        A         0

        CLASS   CONST          

        CLASS   SMALLCONST     
                smallconst                         1000     1000        6         0

        CLASS   MEDIUMCONST    

        CLASS   COMRAM         
                temp                                 3F       3F        1         1
                cstackCOMRAM                          1        1       2C         1
                dataCOMRAM                           2D       2D        A         1
                bssCOMRAM                            3B       3B        4         1
                nvCOMRAM                             37       37        4         1

        CLASS   ABS1           

        CLASS   BIGRAM         
                bssBIGRAM                            F6       F6      130         1

        CLASS   RAM            

        CLASS   BANK0          
                cstackBANK0                          B3       B3       43         1
                bssBANK0                             60       60       53         1

        CLASS   BANK1          

        CLASS   BANK2          

        CLASS   BANK3          

        CLASS   BANK4          

        CLASS   BANK5          

        CLASS   BANK6          

        CLASS   BANK7          

        CLASS   BANK8          

        CLASS   BANK9          

        CLASS   BANK10         

        CLASS   BANK11         

        CLASS   BANK12         

        CLASS   BANK13         

        CLASS   BANK14         

        CLASS   BANK15         

        CLASS   SFR            

        CLASS   BIGSFR         

        CLASS   CONFIG         
                config                           300000   300000        E         4

        CLASS   IDLOC          
                idloc                            200000   200000        8         5

        CLASS   EEDATA         

        CLASS   FARRAM         

        CLASS   HEAP           

        CLASS   STACK          



SEGMENTS        Name                           Load    Length   Top    Selector   Space  Class

                reset_vec                      000000  000004  000004         0       0  CODE    
                bssBIGRAM                      0000F6  000130  000226        F6       1  BIGRAM  
                text11                         001006  000EF2  001EF8       803       0  CODE    
                bssBANK0                       000060  000096  0000F6        60       1  BANK0   
                intcode                        000008  000078  000080         4       0  CODE    
                cstackCOMRAM                   000001  00003F  000040         1       1  COMRAM  
                smallconst                     001000  000006  001006       800       0  SMALLCON


UNUSED ADDRESS RANGES

        Name                Unused          Largest block    Delta
        BANK10           000A00-000AFF              100
        BANK11           000B00-000BFF              100
        BANK12           000C00-000CFF              100
        BANK13           000D00-000DFF              100
        BANK14           000E00-000EFF              100
        BANK15           000F00-000F37               38
        BANK2            000226-0002FF               DA
        BANK3            000300-0003FF              100
        BANK4            000400-0004FF              100
        BANK5            000500-0005FF              100
        BANK6            000600-0006FF              100
        BANK7            000700-0007FF              100
        BANK8            000800-0008FF              100
        BANK9            000900-0009FF              100
        BIGRAM           000040-00005F               20
                         000226-000F37              D12
        BIGSFR           000F38-000FFF               C8
        CODE             000004-000007                4
                         000080-000FFF              F80
                         001EF8-00FFFF             E108
        COMRAM           000040-00005F               20
        CONST            000004-000007                4
                         000080-000FFF              F80
                         001EF8-00FFFF             E108
        EEDATA           F00000-F003FF              400
        MEDIUMCONST      001EF8-00FFFF             E108
        RAM              000226-000F37              100
        SFR              000F38-000FFF               28
        SMALLCONST       001EF8-00FFFF              100

                                  Symbol Table

?___llmod                                  cstackCOMRAM 000001
GetMockTempHumidity@temp                   cstackCOMRAM 000021
HandlePacketLoop@i                         cstackBANK0  0000F5
HandlePacketLoop@status                    cstackBANK0  0000F4
HandlePacketLoop@sz                        cstackBANK0  0000F3
InitRadio@i                                cstackCOMRAM 00002C
ProcessAckPayload@actionID                 cstackBANK0  0000F1
ProcessAckPayload@buffer                   cstackBANK0  0000CC
ProcessAckPayload@data                     cstackBANK0  0000D1
ProcessAckPayload@pktType                  cstackBANK0  0000F2
ProcessAckPayload@sz                       cstackBANK0  0000CE
ProcessActionRequest@actionID              cstackBANK0  0000C9
ProcessActionRequest@data                  cstackBANK0  0000C5
ProcessActionRequest@tmpHumidity           cstackBANK0  0000CA
QueueTXPacket@buffer                       cstackBANK0  0000B3
QueueTXPacket@i                            cstackBANK0  0000BF
QueueTXPacket@oldestPkt                    cstackBANK0  0000BE
QueueTXPacket@oldestTime                   cstackBANK0  0000BA
QueueTXPacket@sz                           cstackBANK0  0000B5
ReloadConfig@ard                           cstackCOMRAM 00002C
SPI1_ExchangeByte@data                     cstackCOMRAM 000021
SPI1_Open@spi1UniqueConfiguration          cstackCOMRAM 000022
SendData@actionID                          cstackBANK0  0000C3
SendData@data                              cstackBANK0  0000C0
SendData@dataSz                            cstackBANK0  0000C2
SendData@i                                 cstackBANK0  0000C4
SendError@errorCode                        cstackBANK0  0000C0
SendError@i                                cstackBANK0  0000C1
SuperMemCpy@dest                           cstackCOMRAM 000021
SuperMemCpy@destStart                      cstackCOMRAM 000023
SuperMemCpy@i                              cstackCOMRAM 00002C
SuperMemCpy@src                            cstackCOMRAM 000024
SuperMemCpy@srcStart                       cstackCOMRAM 000026
SuperMemCpy@sz                             cstackCOMRAM 000027
TMR1_SetInterruptHandler@InterruptHandler  cstackCOMRAM 000021
TMR1_WriteTimer@timerVal                   cstackCOMRAM 000001
VerifyBoardAddress@bufferRX                cstackCOMRAM 000021
VerifyBoardAddress@i                       cstackCOMRAM 000027
_ANSELA                                    (abs)        000F38
_ANSELB                                    (abs)        000F39
_ANSELC                                    (abs)        000F3A
_BoardAddress                              dataCOMRAM   000034
_DEFAULT_PIPE_ADDR                         dataCOMRAM   00002E
_GetMockTempHumidity                       text30       001E46
_HandlePacketLoop                          text11       001006
_INTCON2bits                               (abs)        000FF1
_INTCONbits                                (abs)        000FF2
_INTERRUPT_Initialize                      text7        001EF2
_INTERRUPT_InterruptManager                intcode      000008
_InitRadio                                 text8        001276
_LATA                                      (abs)        000F89
_LATAbits                                  (abs)        000F89
_LATB                                      (abs)        000F8A
_LATC                                      (abs)        000F8B
_LATCbits                                  (abs)        000F8B
_OSCCON                                    (abs)        000FD3
_OSCCON2                                   (abs)        000FD2
_OSCILLATOR_Initialize                     text6        001ED0
_OSCTUNE                                   (abs)        000F9B
_PIE1bits                                  (abs)        000F9D
_PIN_MANAGER_Initialize                    text5        001D42
_PIR1bits                                  (abs)        000F9E
_PingInterval                              dataCOMRAM   00002D
_ProcessAckPayload                         text19       001144
_ProcessActionRequest                      text20       00169A
_QueueTXPacket                             text24       0013A2
_RCONbits                                  (abs)        000FD0
_ReloadConfig                              text25       001946
_SPI1_ExchangeByte                         text28       001E7E
_SPI1_Initialize                           text4        001EAE
_SPI1_Open                                 text10       0015EA
_SSP1ADD                                   (abs)        000FC8
_SSP1BUF                                   (abs)        000FC9
_SSP1CON1                                  (abs)        000FC6
_SSP1CON1bits                              (abs)        000FC6
_SSP1CON2                                  (abs)        000FC5
_SSP1STAT                                  (abs)        000FC7
_SYSTEM_Initialize                         text1        001E98
_SendData                                  text22       001744
_SendError                                 text21       0018DC
_SendPing                                  text36       001D0A
_SuperMemCpy                               text23       001A6A
_T1CON                                     (abs)        000FCD
_T1CONbits                                 (abs)        000FCD
_T1GCON                                    (abs)        000FCC
_T1GCONbits                                (abs)        000FCC
_TMR1                                      (abs)        000FCE
_TMR1H                                     (abs)        000FCF
_TMR1L                                     (abs)        000FCE
_TMR1_DefaultInterruptHandler              text33       001EF6
_TMR1_ISR                                  text32       001CD0
_TMR1_Initialize                           text2        001D6E
_TMR1_InterruptHandler                     nvCOMRAM     000037
_TMR1_SetInterruptHandler                  text3        001EE8
_TMR1_WriteTimer                           text40       001D98
_TRISA                                     (abs)        000F92
_TRISB                                     (abs)        000F93
_TRISC                                     (abs)        000F94
_TRISCbits                                 (abs)        000F94
_Ticks                                     bssCOMRAM    00003B
_TimerInterruptHandler                     text34       001C46
_VerifyBoardAddress                        text18       0019B0
_WPUB                                      (abs)        000F61
__HRAM                                     (abs)        000000
__Habs1                                    abs1         000000
__Hbank0                                   bank0        000000
__Hbank1                                   bank1        000000
__Hbank10                                  bank10       000000
__Hbank11                                  bank11       000000
__Hbank12                                  bank12       000000
__Hbank13                                  bank13       000000
__Hbank14                                  bank14       000000
__Hbank15                                  bank15       000000
__Hbank2                                   bank2        000000
__Hbank3                                   bank3        000000
__Hbank4                                   bank4        000000
__Hbank5                                   bank5        000000
__Hbank6                                   bank6        000000
__Hbank7                                   bank7        000000
__Hbank8                                   bank8        000000
__Hbank9                                   bank9        000000
__Hbigbss                                  bigbss       000000
__Hbigdata                                 bigdata      000000
__Hbigram                                  bigram       000000
__Hbigsfr                                  bigsfr       000000
__Hbss                                     bss          000000
__HbssBANK0                                bssBANK0     000000
__HbssBIGRAM                               bssBIGRAM    000000
__HbssCOMRAM                               bssCOMRAM    000000
__Hcinit                                   cinit        000000
__Hclrtext                                 clrtext      000000
__Hcomram                                  comram       000000
__Hconfig                                  config       30000E
__Hconst                                   const        000000
__HcstackBANK0                             cstackBANK0  000000
__HcstackCOMRAM                            cstackCOMRAM 000000
__Hdata                                    data         000000
__HdataCOMRAM                              dataCOMRAM   000000
__Heeprom_data                             eeprom_data  000000
__Hfarbss                                  farbss       000000
__Hfardata                                 fardata      000000
__Hheap                                    heap         000000
__Hibigdata                                ibigdata     000000
__Hidata                                   idata        000000
__HidataCOMRAM                             idataCOMRAM  000000
__Hidloc                                   idloc        200008
__Hifardata                                ifardata     000000
__Hinit                                    init         000080
__Hintcode                                 intcode      00007C
__Hintcode_body                            intcode_body 000000
__Hintcodelo                               intcodelo    00007C
__Hintentry                                intentry     000000
__Hintret                                  intret       000000
__Hintsave_regs                            intsave_regs 000000
__Hirdata                                  irdata       000000
__Hmediumconst                             mediumconst  000000
__HnvCOMRAM                                nvCOMRAM     000000
__HnvFARRAM                                nvFARRAM     000000
__Hnvbit                                   nvbit        000000
__Hnvrram                                  nvrram       000000
__Hparam                                   rparam       000000
__Hpowerup                                 powerup      00007C
__Hram                                     ram          000000
__Hramtop                                  ramtop       001000
__Hrbit                                    rbit         000000
__Hrbss                                    rbss         000000
__Hrdata                                   rdata        000000
__Hreset_vec                               reset_vec    000004
__Hrparam                                  rparam       000000
__Hsfr                                     sfr          000000
__Hsmallconst                              smallconst   001006
__Hspace_0                                 (abs)        001EF8
__Hspace_1                                 (abs)        000226
__Hspace_2                                 (abs)        000000
__Hspace_4                                 (abs)        60000E
__Hstack                                   stack        000000
__Hstruct                                  struct       000000
__Htemp                                    temp         000040
__Htext                                    text         000000
__Htext0                                   text0        000000
__Htext1                                   text1        000000
__Htext10                                  text10       000000
__Htext11                                  text11       000000
__Htext12                                  text12       000000
__Htext13                                  text13       000000
__Htext14                                  text14       000000
__Htext15                                  text15       000000
__Htext16                                  text16       000000
__Htext17                                  text17       000000
__Htext18                                  text18       000000
__Htext19                                  text19       000000
__Htext2                                   text2        000000
__Htext20                                  text20       000000
__Htext21                                  text21       000000
__Htext22                                  text22       000000
__Htext23                                  text23       000000
__Htext24                                  text24       000000
__Htext25                                  text25       000000
__Htext26                                  text26       000000
__Htext27                                  text27       000000
__Htext28                                  text28       000000
__Htext29                                  text29       000000
__Htext3                                   text3        000000
__Htext30                                  text30       000000
__Htext32                                  text32       000000
__Htext33                                  text33       000000
__Htext34                                  text34       000000
__Htext35                                  text35       000000
__Htext36                                  text36       000000
__Htext37                                  text37       000000
__Htext38                                  text38       000000
__Htext39                                  text39       000000
__Htext4                                   text4        000000
__Htext40                                  text40       000000
__Htext41                                  text41       000000
__Htext5                                   text5        000000
__Htext6                                   text6        000000
__Htext7                                   text7        000000
__Htext8                                   text8        000000
__Htext9                                   text9        000000
__LRAM                                     (abs)        000001
__Labs1                                    abs1         000000
__Lbank0                                   bank0        000000
__Lbank1                                   bank1        000000
__Lbank10                                  bank10       000000
__Lbank11                                  bank11       000000
__Lbank12                                  bank12       000000
__Lbank13                                  bank13       000000
__Lbank14                                  bank14       000000
__Lbank15                                  bank15       000000
__Lbank2                                   bank2        000000
__Lbank3                                   bank3        000000
__Lbank4                                   bank4        000000
__Lbank5                                   bank5        000000
__Lbank6                                   bank6        000000
__Lbank7                                   bank7        000000
__Lbank8                                   bank8        000000
__Lbank9                                   bank9        000000
__Lbigbss                                  bigbss       000000
__Lbigdata                                 bigdata      000000
__Lbigram                                  bigram       000000
__Lbigsfr                                  bigsfr       000000
__Lbss                                     bss          000000
__LbssBANK0                                bssBANK0     000000
__LbssBIGRAM                               bssBIGRAM    000000
__LbssCOMRAM                               bssCOMRAM    000000
__Lcinit                                   cinit        000000
__Lclrtext                                 clrtext      000000
__Lcomram                                  comram       000000
__Lconfig                                  config       000000
__Lconst                                   const        000000
__LcstackBANK0                             cstackBANK0  000000
__LcstackCOMRAM                            cstackCOMRAM 000000
__Ldata                                    data         000000
__LdataCOMRAM                              dataCOMRAM   000000
__Leeprom_data                             eeprom_data  000000
__Lfarbss                                  farbss       000000
__Lfardata                                 fardata      000000
__Lheap                                    heap         000000
__Libigdata                                ibigdata     000000
__Lidata                                   idata        000000
__LidataCOMRAM                             idataCOMRAM  000000
__Lidloc                                   idloc        000000
__Lifardata                                ifardata     000000
__Linit                                    init         00007C
__Lintcode                                 intcode      000008
__Lintcode_body                            intcode_body 000000
__Lintcodelo                               intcodelo    00007C
__Lintentry                                intentry     000000
__Lintret                                  intret       000000
__Lintsave_regs                            intsave_regs 000000
__Lirdata                                  irdata       000000
__Lmediumconst                             mediumconst  000000
__LnvCOMRAM                                nvCOMRAM     000000
__LnvFARRAM                                nvFARRAM     000000
__Lnvbit                                   nvbit        000000
__Lnvrram                                  nvrram       000000
__Lparam                                   rparam       000000
__Lpowerup                                 powerup      00007C
__Lram                                     ram          000000
__Lramtop                                  ramtop       001000
__Lrbit                                    rbit         000000
__Lrbss                                    rbss         000000
__Lrdata                                   rdata        000000
__Lreset_vec                               reset_vec    000000
__Lrparam                                  rparam       000000
__Lsfr                                     sfr          000000
__Lsmallconst                              smallconst   001000
__Lspace_0                                 (abs)        000000
__Lspace_1                                 (abs)        000000
__Lspace_2                                 (abs)        000000
__Lspace_4                                 (abs)        000000
__Lstack                                   stack        000000
__Lstruct                                  struct       000000
__Ltemp                                    temp         00003F
__Ltext                                    text         000000
__Ltext0                                   text0        000000
__Ltext1                                   text1        000000
__Ltext10                                  text10       000000
__Ltext11                                  text11       000000
__Ltext12                                  text12       000000
__Ltext13                                  text13       000000
__Ltext14                                  text14       000000
__Ltext15                                  text15       000000
__Ltext16                                  text16       000000
__Ltext17                                  text17       000000
__Ltext18                                  text18       000000
__Ltext19                                  text19       000000
__Ltext2                                   text2        000000
__Ltext20                                  text20       000000
__Ltext21                                  text21       000000
__Ltext22                                  text22       000000
__Ltext23                                  text23       000000
__Ltext24                                  text24       000000
__Ltext25                                  text25       000000
__Ltext26                                  text26       000000
__Ltext27                                  text27       000000
__Ltext28                                  text28       000000
__Ltext29                                  text29       000000
__Ltext3                                   text3        000000
__Ltext30                                  text30       000000
__Ltext32                                  text32       000000
__Ltext33                                  text33       000000
__Ltext34                                  text34       000000
__Ltext35                                  text35       000000
__Ltext36                                  text36       000000
__Ltext37                                  text37       000000
__Ltext38                                  text38       000000
__Ltext39                                  text39       000000
__Ltext4                                   text4        000000
__Ltext40                                  text40       000000
__Ltext41                                  text41       000000
__Ltext5                                   text5        000000
__Ltext6                                   text6        000000
__Ltext7                                   text7        000000
__Ltext8                                   text8        000000
__Ltext9                                   text9        000000
__S0                                       (abs)        001EF8
__S1                                       (abs)        000226
__S4                                       (abs)        000000
__S5                                       (abs)        000000
___heap_hi                                 (abs)        000000
___heap_lo                                 (abs)        000000
___inthi_sp                                stack        000000
___intlo_sp                                stack        000000
___llmod                                   text35       0017D4
___llmod@counter                           cstackCOMRAM 000009
___llmod@dividend                          cstackCOMRAM 000001
___llmod@divisor                           cstackCOMRAM 000005
___param_bank                              (abs)        000000
___rparam_used                             (abs)        000001
___sp                                      stack        000000
__accesstop                                (abs)        000060
__activetblptr                             (abs)        000003
__end_of_GetMockTempHumidity               text30       001E64
__end_of_HandlePacketLoop                  text11       001144
__end_of_INTERRUPT_Initialize              text7        001EF6
__end_of_INTERRUPT_InterruptManager        intcode      00007C
__end_of_InitRadio                         text8        0013A2
__end_of_OSCILLATOR_Initialize             text6        001EDE
__end_of_PIN_MANAGER_Initialize            text5        001D6E
__end_of_ProcessAckPayload                 text19       001276
__end_of_ProcessActionRequest              text20       001744
__end_of_QueueTXPacket                     text24       0014C8
__end_of_ReloadConfig                      text25       0019B0
__end_of_SPI1_ExchangeByte                 text28       001E98
__end_of_SPI1_Initialize                   text4        001EC0
__end_of_SPI1_Open                         text10       00169A
__end_of_SYSTEM_Initialize                 text1        001EAE
__end_of_SendData                          text22       0017D4
__end_of_SendError                         text21       001946
__end_of_SendPing                          text36       001D42
__end_of_SuperMemCpy                       text23       001ABC
__end_of_TMR1_DefaultInterruptHandler      text33       001EF8
__end_of_TMR1_ISR                          text32       001D0A
__end_of_TMR1_Initialize                   text2        001D98
__end_of_TMR1_SetInterruptHandler          text3        001EF2
__end_of_TMR1_WriteTimer                   text40       001DC0
__end_of_TimerInterruptHandler             text34       001C90
__end_of_VerifyBoardAddress                text18       001A18
__end_of___llmod                           text35       00185C
__end_of__initialization                   cinit        001A60
__end_of_main                              text0        001DE6
__end_of_memcpy                            text29       001B5E
__end_of_nrf24_flush_tx_rx                 text15       001BFC
__end_of_nrf24_read_buff                   text14       001C46
__end_of_nrf24_read_dynamic_payload_length text17       001E46
__end_of_nrf24_read_register               text16       001E7E
__end_of_nrf24_read_rf_data                text13       001E08
__end_of_nrf24_rf_init                     text9        001ED0
__end_of_nrf24_send_rf_data                text12       001E28
__end_of_nrf24_write_buff                  text27       001CD0
__end_of_nrf24_write_register              text26       0018DC
__end_of_spi1_configuration                smallconst   001005
__end_ofi2_QueueTXPacket                   text38       0015EA
__end_ofi2_SuperMemCpy                     text37       001B0E
__end_ofi2_memcpy                          text39       001BAE
__initialization                           cinit        001A18
__mediumconst                              mediumconst  000000
__pbssBANK0                                bssBANK0     000060
__pbssBIGRAM                               bssBIGRAM    0000F6
__pbssCOMRAM                               bssCOMRAM    00003B
__pcinit                                   cinit        001A18
__pcstackBANK0                             cstackBANK0  0000B3
__pcstackCOMRAM                            cstackCOMRAM 000001
__pdataCOMRAM                              dataCOMRAM   00002D
__pidataCOMRAM                             idataCOMRAM  001EDE
__pintcode                                 intcode      000008
__pnvCOMRAM                                nvCOMRAM     000037
__psmallconst                              smallconst   001000
__ptext0                                   text0        001DC0
__ptext1                                   text1        001E98
__ptext10                                  text10       0015EA
__ptext11                                  text11       001006
__ptext12                                  text12       001E08
__ptext13                                  text13       001DE6
__ptext14                                  text14       001BFC
__ptext15                                  text15       001BAE
__ptext16                                  text16       001E64
__ptext17                                  text17       001E28
__ptext18                                  text18       0019B0
__ptext19                                  text19       001144
__ptext2                                   text2        001D6E
__ptext20                                  text20       00169A
__ptext21                                  text21       0018DC
__ptext22                                  text22       001744
__ptext23                                  text23       001A6A
__ptext24                                  text24       0013A2
__ptext25                                  text25       001946
__ptext26                                  text26       00185C
__ptext27                                  text27       001C90
__ptext28                                  text28       001E7E
__ptext29                                  text29       001B0E
__ptext3                                   text3        001EE8
__ptext30                                  text30       001E46
__ptext32                                  text32       001CD0
__ptext33                                  text33       001EF6
__ptext34                                  text34       001C46
__ptext35                                  text35       0017D4
__ptext36                                  text36       001D0A
__ptext37                                  text37       001ABC
__ptext38                                  text38       0014C8
__ptext39                                  text39       001B5E
__ptext4                                   text4        001EAE
__ptext40                                  text40       001D98
__ptext41                                  text41       000000
__ptext5                                   text5        001D42
__ptext6                                   text6        001ED0
__ptext7                                   text7        001EF2
__ptext8                                   text8        001276
__ptext9                                   text9        001EC0
__ramtop                                   ramtop       001000
__smallconst                               smallconst   001000
_bufferRX                                  bssBANK0     000062
_bufferTX                                  bssBANK0     000082
_config                                    bssBANK0     0000A2
_main                                      text0        001DC0
_memcpy                                    text29       001B0E
_nrf24_flush_tx_rx                         text15       001BAE
_nrf24_read_buff                           text14       001BFC
_nrf24_read_dynamic_payload_length         text17       001E28
_nrf24_read_register                       text16       001E64
_nrf24_read_rf_data                        text13       001DE6
_nrf24_rf_init                             text9        001EC0
_nrf24_send_rf_data                        text12       001E08
_nrf24_write_buff                          text27       001C90
_nrf24_write_register                      text26       00185C
_packetsTX                                 bssBIGRAM    0000F6
_spi1_configuration                        smallconst   001001
_timer1ReloadVal                           nvCOMRAM     000039
btemp                                      temp         00003F
end_of_initialization                      cinit        001A60
i2QueueTXPacket@buffer                     cstackCOMRAM 00000C
i2QueueTXPacket@i                          cstackCOMRAM 000018
i2QueueTXPacket@oldestPkt                  cstackCOMRAM 000017
i2QueueTXPacket@oldestTime                 cstackCOMRAM 000013
i2QueueTXPacket@sz                         cstackCOMRAM 00000E
i2SuperMemCpy@dest                         cstackCOMRAM 000001
i2SuperMemCpy@destStart                    cstackCOMRAM 000003
i2SuperMemCpy@i                            cstackCOMRAM 00000C
i2SuperMemCpy@src                          cstackCOMRAM 000004
i2SuperMemCpy@srcStart                     cstackCOMRAM 000006
i2SuperMemCpy@sz                           cstackCOMRAM 000007
i2_QueueTXPacket                           text38       0014C8
i2_SuperMemCpy                             text37       001ABC
i2_memcpy                                  text39       001B5E
i2memcpy@d                                 cstackCOMRAM 000007
i2memcpy@d1                                cstackCOMRAM 000001
i2memcpy@n                                 cstackCOMRAM 000005
i2memcpy@s                                 cstackCOMRAM 000009
i2memcpy@s1                                cstackCOMRAM 000003
i2memcpy@tmp                               cstackCOMRAM 00000B
int$flags                                  temp         00003F
intlevel0                                  text         000000
intlevel1                                  text         000000
intlevel2                                  text         000000
intlevel3                                  text         000000
isa$std                                    (abs)        000001
isa$xinst                                  (abs)        000000
memcpy@d                                   cstackCOMRAM 000028
memcpy@d1                                  cstackCOMRAM 000021
memcpy@n                                   cstackCOMRAM 000025
memcpy@s                                   cstackCOMRAM 00002A
memcpy@s1                                  cstackCOMRAM 000023
memcpy@tmp                                 cstackCOMRAM 000027
nrf24_read_buff@buffer                     cstackCOMRAM 000022
nrf24_read_buff@bytes                      cstackCOMRAM 000024
nrf24_read_buff@i                          cstackCOMRAM 000026
nrf24_read_buff@mnemonic_addr              cstackCOMRAM 000025
nrf24_read_dynamic_payload_length@byte0    cstackCOMRAM 000022
nrf24_read_register@byte0                  cstackCOMRAM 000023
nrf24_read_register@mnemonic_addr          cstackCOMRAM 000022
nrf24_read_rf_data@buffer                  cstackCOMRAM 000027
nrf24_read_rf_data@sz                      cstackCOMRAM 000029
nrf24_send_rf_data@buffer                  cstackCOMRAM 000027
nrf24_send_rf_data@sz                      cstackCOMRAM 000029
nrf24_write_buff@buffer                    cstackCOMRAM 000022
nrf24_write_buff@bytes                     cstackCOMRAM 000024
nrf24_write_buff@i                         cstackCOMRAM 000026
nrf24_write_buff@mnemonic_addr             cstackCOMRAM 000025
nrf24_write_register@mnemonic_addr         cstackCOMRAM 000023
nrf24_write_register@value                 cstackCOMRAM 000022
stackhi                                    (abs)        000000
stacklo                                    (abs)        000000
start                                      init         00007C
start_initialization                       cinit        001A18
ttemp5                                     temp         000040
ttemp6                                     temp         000043
ttemp7                                     temp         000047
wtemp8                                     temp         000040


MODULE INFORMATION

Module		Function		Class		Link	Load	Size
../lib/handler_lib.c
		_SendPing      		CODE           	1D0A	0000	56
		_TimerInterruptHandler		CODE           	1C46	0000	74
		_SendData      		CODE           	1744	0000	144
		_VerifyBoardAddress		CODE           	19B0	0000	104
		_ReloadConfig  		CODE           	1946	0000	106
		_SuperMemCpy   		CODE           	1A6A	0000	82
		_HandlePacketLoop		CODE           	1006	0000	318
		_QueueTXPacket 		CODE           	13A2	0000	294
		_ProcessAckPayload		CODE           	1144	0000	306
		_SendError     		CODE           	18DC	0000	106
		_InitRadio     		CODE           	1276	0000	300

../lib/handler_lib.c estimated size: 1890

mcc_generated_files/interrupt_manager.c
		_INTERRUPT_Initialize		CODE           	1EF2	0000	4
		_INTERRUPT_InterruptManager		CODE           	0008	0000	116

mcc_generated_files/interrupt_manager.c estimated size: 120

mcc_generated_files/pin_manager.c
		_PIN_MANAGER_Initialize		CODE           	1D42	0000	44

mcc_generated_files/pin_manager.c estimated size: 44

mcc_generated_files/spi1.c
		_SPI1_Open     		CODE           	15EA	0000	176
		_SPI1_Initialize		CODE           	1EAE	0000	18
		_SPI1_ExchangeByte		CODE           	1E7E	0000	26

mcc_generated_files/spi1.c estimated size: 220

../lib/nrf24_lib.c
		_nrf24_read_dynamic_payload_length		CODE           	1E28	0000	30
		_nrf24_send_rf_data		CODE           	1E08	0000	32
		_nrf24_rf_init 		CODE           	1EC0	0000	16
		_nrf24_flush_tx_rx		CODE           	1BAE	0000	78
		_nrf24_read_rf_data		CODE           	1DE6	0000	34
		_nrf24_write_register		CODE           	185C	0000	128
		_nrf24_read_register		CODE           	1E64	0000	26
		_nrf24_write_buff		CODE           	1C90	0000	64
		_nrf24_read_buff		CODE           	1BFC	0000	74

../lib/nrf24_lib.c estimated size: 482

shared
		__initialization		CODE           	1A18	0000	72
		i2_SuperMemCpy 		CODE           	1ABC	0000	82
		_spi1_configuration		SMALLCONST     	1001	0000	4
		i2_QueueTXPacket		CODE           	14C8	0000	290
		i2_memcpy      		CODE           	1B5E	0000	80

shared estimated size: 528

mcc_generated_files/mcc.c
		_OSCILLATOR_Initialize		CODE           	1ED0	0000	14
		_SYSTEM_Initialize		CODE           	1E98	0000	22

mcc_generated_files/mcc.c estimated size: 36

mcc_generated_files/tmr1.c
		_TMR1_Initialize		CODE           	1D6E	0000	42
		_TMR1_SetInterruptHandler		CODE           	1EE8	0000	10
		_TMR1_DefaultInterruptHandler		CODE           	1EF6	0000	2
		_TMR1_WriteTimer		CODE           	1D98	0000	40
		_TMR1_ISR      		CODE           	1CD0	0000	58

mcc_generated_files/tmr1.c estimated size: 152

/Applications/microchip/xc8/v2.36/pic/sources/c99/common/memcpy.c
		_memcpy        		CODE           	1B0E	0000	80

/Applications/microchip/xc8/v2.36/pic/sources/c99/common/memcpy.c estimated size: 80

../lib/dht11_lib.c
		_GetMockTempHumidity		CODE           	1E46	0000	30

../lib/dht11_lib.c estimated size: 30

/Applications/microchip/xc8/v2.36/pic/sources/c99/common/llmod.c
		___llmod       		CODE           	17D4	0000	136

/Applications/microchip/xc8/v2.36/pic/sources/c99/common/llmod.c estimated size: 136

main.c
		_ProcessActionRequest		CODE           	169A	0000	170
		_main          		CODE           	1DC0	0000	38

main.c estimated size: 208

