Microchip MPLAB XC8 Compiler V2.36

Linker command line:

-W-3 --edf=/Applications/microchip/xc8/v2.36/pic/dat/en_msgs.txt -cn \
  -h+dist/default/production/18f26K22-rev0.01.X.production.sym \
  --cmf=dist/default/production/18f26K22-rev0.01.X.production.cmf -z \
  -Q18F26K22 -o/tmp/xcvohBxdD --defsym=__MPLAB_BUILD=1 \
  -Mdist/default/production/18f26K22-rev0.01.X.production.map \
  --md=/tmp/xcVFBvKfZ.dat -E1 -ver=XC8 Compiler --acfsm=1493 \
  -ACODE=00h-0FFFFh -ACONST=00h-0FFFFh -ASMALLCONST=01000h-010FFhx240 \
  -AMEDIUMCONST=01000h-0FFFFh -ACOMRAM=01h-05Fh -AABS1=00h-0F37h \
  -ABIGRAM=01h-0F37h -ARAM=060h-0FFh,0100h-01FFhx14,0F00h-0F37h \
  -ABANK0=060h-0FFh -ABANK1=0100h-01FFh -ABANK2=0200h-02FFh \
  -ABANK3=0300h-03FFh -ABANK4=0400h-04FFh -ABANK5=0500h-05FFh \
  -ABANK6=0600h-06FFh -ABANK7=0700h-07FFh -ABANK8=0800h-08FFh \
  -ABANK9=0900h-09FFh -ABANK10=0A00h-0AFFh -ABANK11=0B00h-0BFFh \
  -ABANK12=0C00h-0CFFh -ABANK13=0D00h-0DFFh -ABANK14=0E00h-0EFFh \
  -ABANK15=0F00h-0F37h -ASFR=0F38h-0F5Fh,0F60h-0FFFh -ABIGSFR=0F38h-0FFFh \
  -ACONFIG=0300000h-030000Dh -AIDLOC=0200000h-0200007h \
  -AEEDATA=0F00000h-0F003FFh -peeprom_data=EEDATA \
  -preset_vec=00h,intcode=08h,intcodelo,powerup,init -pramtop=01000h \
  -psmallconst=SMALLCONST -pmediumconst=MEDIUMCONST -pconst=CONST \
  -AFARRAM=00h-00h \
  -prdata=COMRAM,nvrram=COMRAM,nvbit=COMRAM,rbss=COMRAM,rbit=COMRAM \
  -pfarbss=FARRAM,fardata=FARRAM,nvFARRAM=FARRAM \
  -pintsave_regs=BIGRAM,bigbss=BIGRAM,bigdata=BIGRAM -pbss=RAM \
  -pidata=CODE,irdata=CODE,ibigdata=CODE,ifardata=CODE -prparam=COMRAM \
  /tmp/xci65zscS.o dist/default/production/18f26K22-rev0.01.X.production.o 

Object code version is 3.11

Machine type is 18F26K22



                Name                               Link     Load   Length Selector   Space Scale
/tmp/xci65zscS.o
                idloc                            200000   200000        8        0       5
                config                           300000   300000        E        0       4
                init                                 7C       7C        4        4       0
                reset_vec                             0        0        4        0       0
dist/default/production/18f26K22-rev0.01.X.production.o
                intcode                               8        8       74        4       0
                idloc                            200000   200000        8        0       5
                config                           300000   300000        E        0       4
                temp                                 39       39        1        1       1
                smallconst                         1000     1000        6      800       0
                text33                             19A6     19A6       28      803       0
                text32                             13A6     13A6       CA      803       0
                text31                             188C     188C       4A      803       0
                text30                             1520     1520       88      803       0
                text29                             17F6     17F6       4C      803       0
                text28                             1AE2     1AE2        2      803       0
                text27                             1916     1916       3A      803       0
                text25                             12DC     12DC       CA      803       0
                text24                             1628     1628       6E      803       0
                text23                             1754     1754       54      803       0
                text22                             1136     1136       D6      803       0
                text21                             1696     1696       68      803       0
                text20                             1A6E     1A6E       1A      803       0
                text19                             1A36     1A36       1E      803       0
                text18                             1A54     1A54       1A      803       0
                text17                             15A8     15A8       80      803       0
                text16                             17A8     17A8       4E      803       0
                text15                             1842     1842       4A      803       0
                text14                             19F4     19F4       22      803       0
                text13                             18D6     18D6       40      803       0
                text12                             1A16     1A16       20      803       0
                text11                             1006     1006      130      803       0
                text10                             1470     1470       B0      803       0
                text9                              1AB0     1AB0       10      803       0
                text8                              120C     120C       D0      803       0
                text7                              1ADE     1ADE        4      803       0
                text6                              1AC0     1AC0        E      803       0
                text5                              1950     1950       2C      803       0
                text4                              1A9E     1A9E       12      803       0
                text3                              1ACE     1ACE        A      803       0
                text2                              197C     197C       2A      803       0
                text1                              1A88     1A88       16      803       0
                text0                              19CE     19CE       26      803       0
                cstackCOMRAM                          1        1       2A        1       1
                cstackBANK0                          A0       A0       24       60       1
                bssBIGRAM                            CA       CA      110       CA       1
                dataBANK0                            C4       C4        6       60       1
                bssBANK0                             60       60       40       60       1
                bssCOMRAM                            2B       2B        A        1       1
                cinit                              16FE     16FE       56      803       0
                nvCOMRAM                             35       35        4        1       1
                idataBANK0                         1AD8     1AD8        6      803       0

TOTAL           Name                               Link     Load   Length     Space
        CLASS   CODE           
                intcode                               8        8       74         0
                init                                 7C       7C        4         0
                reset_vec                             0        0        4         0
                text33                             19A6     19A6       28         0
                text32                             13A6     13A6       CA         0
                text31                             188C     188C       4A         0
                text30                             1520     1520       88         0
                text29                             17F6     17F6       4C         0
                text28                             1AE2     1AE2        2         0
                text27                             1916     1916       3A         0
                text25                             12DC     12DC       CA         0
                text24                             1628     1628       6E         0
                text23                             1754     1754       54         0
                text22                             1136     1136       D6         0
                text21                             1696     1696       68         0
                text20                             1A6E     1A6E       1A         0
                text19                             1A36     1A36       1E         0
                text18                             1A54     1A54       1A         0
                text17                             15A8     15A8       80         0
                text16                             17A8     17A8       4E         0
                text15                             1842     1842       4A         0
                text14                             19F4     19F4       22         0
                text13                             18D6     18D6       40         0
                text12                             1A16     1A16       20         0
                text11                             1006     1006      130         0
                text10                             1470     1470       B0         0
                text9                              1AB0     1AB0       10         0
                text8                              120C     120C       D0         0
                text7                              1ADE     1ADE        4         0
                text6                              1AC0     1AC0        E         0
                text5                              1950     1950       2C         0
                text4                              1A9E     1A9E       12         0
                text3                              1ACE     1ACE        A         0
                text2                              197C     197C       2A         0
                text1                              1A88     1A88       16         0
                text0                              19CE     19CE       26         0
                cinit                              16FE     16FE       56         0
                idataBANK0                         1AD8     1AD8        6         0

        CLASS   CONST          

        CLASS   SMALLCONST     
                smallconst                         1000     1000        6         0

        CLASS   MEDIUMCONST    

        CLASS   COMRAM         
                temp                                 39       39        1         1
                cstackCOMRAM                          1        1       2A         1
                bssCOMRAM                            2B       2B        A         1
                nvCOMRAM                             35       35        4         1

        CLASS   ABS1           

        CLASS   BIGRAM         
                bssBIGRAM                            CA       CA      110         1

        CLASS   RAM            

        CLASS   BANK0          
                cstackBANK0                          A0       A0       24         1
                dataBANK0                            C4       C4        6         1
                bssBANK0                             60       60       40         1

        CLASS   BANK1          

        CLASS   BANK2          

        CLASS   BANK3          

        CLASS   BANK4          

        CLASS   BANK5          

        CLASS   BANK6          

        CLASS   BANK7          

        CLASS   BANK8          

        CLASS   BANK9          

        CLASS   BANK10         

        CLASS   BANK11         

        CLASS   BANK12         

        CLASS   BANK13         

        CLASS   BANK14         

        CLASS   BANK15         

        CLASS   SFR            

        CLASS   BIGSFR         

        CLASS   CONFIG         
                config                           300000   300000        E         4

        CLASS   IDLOC          
                idloc                            200000   200000        8         5

        CLASS   EEDATA         

        CLASS   FARRAM         

        CLASS   HEAP           

        CLASS   STACK          



SEGMENTS        Name                           Load    Length   Top    Selector   Space  Class

                reset_vec                      000000  000004  000004         0       0  CODE    
                bssBIGRAM                      0000CA  000110  0001DA        CA       1  BIGRAM  
                text11                         001006  000ADE  001AE4       803       0  CODE    
                bssBANK0                       000060  00006A  0000CA        60       1  BANK0   
                intcode                        000008  000078  000080         4       0  CODE    
                cstackCOMRAM                   000001  000039  00003A         1       1  COMRAM  
                smallconst                     001000  000006  001006       800       0  SMALLCON


UNUSED ADDRESS RANGES

        Name                Unused          Largest block    Delta
        BANK1            0001DA-0001FF               26
        BANK10           000A00-000AFF              100
        BANK11           000B00-000BFF              100
        BANK12           000C00-000CFF              100
        BANK13           000D00-000DFF              100
        BANK14           000E00-000EFF              100
        BANK15           000F00-000F37               38
        BANK2            000200-0002FF              100
        BANK3            000300-0003FF              100
        BANK4            000400-0004FF              100
        BANK5            000500-0005FF              100
        BANK6            000600-0006FF              100
        BANK7            000700-0007FF              100
        BANK8            000800-0008FF              100
        BANK9            000900-0009FF              100
        BIGRAM           00003A-00005F               26
                         0001DA-000F37              D5E
        BIGSFR           000F38-000FFF               C8
        CODE             000004-000007                4
                         000080-000FFF              F80
                         001AE4-00FFFF             E51C
        COMRAM           00003A-00005F               26
        CONST            000004-000007                4
                         000080-000FFF              F80
                         001AE4-00FFFF             E51C
        EEDATA           F00000-F003FF              400
        MEDIUMCONST      001AE4-00FFFF             E51C
        RAM              0001DA-000F37              100
        SFR              000F38-000FFF               28
        SMALLCONST       001AE4-00FFFF              100

                                  Symbol Table

?___llmod                                  cstackCOMRAM 000001
HandlePacketLoop@i                         cstackCOMRAM 00002A
HandlePacketLoop@status                    cstackCOMRAM 000029
HandlePacketLoop@sz                        cstackCOMRAM 000028
InitRadio@i                                cstackCOMRAM 000018
ProcessAckPayload@actionID                 cstackBANK0  0000C0
ProcessAckPayload@buffer                   cstackCOMRAM 000020
ProcessAckPayload@data                     cstackBANK0  0000A0
ProcessAckPayload@i                        cstackBANK0  0000C2
ProcessAckPayload@pktType                  cstackBANK0  0000C1
ProcessAckPayload@sz                       cstackCOMRAM 000022
ProcessActionRequest@actionID              cstackCOMRAM 00001F
ProcessActionRequest@data                  cstackCOMRAM 00001B
QueueTXPacket@buffer                       cstackCOMRAM 000012
QueueTXPacket@i                            cstackCOMRAM 000018
QueueTXPacket@j                            cstackCOMRAM 000017
QueueTXPacket@sz                           cstackCOMRAM 000014
SPI1_ExchangeByte@data                     cstackCOMRAM 000012
SPI1_Open@spi1UniqueConfiguration          cstackCOMRAM 000013
SendError@errorCode                        cstackCOMRAM 000019
SendError@i                                cstackCOMRAM 00001A
SendPing@i                                 cstackCOMRAM 000008
TMR1_SetInterruptHandler@InterruptHandler  cstackCOMRAM 000012
TMR1_WriteTimer@timerVal                   cstackCOMRAM 000001
VerifyBoardAddress@bufferRX                cstackCOMRAM 000012
VerifyBoardAddress@i                       cstackCOMRAM 000018
_ANSELA                                    (abs)        000F38
_ANSELB                                    (abs)        000F39
_ANSELC                                    (abs)        000F3A
_DEFAULT_PIPE_ADDR                         dataBANK0    0000C4
_HandlePacketLoop                          text11       001006
_INTCON2bits                               (abs)        000FF1
_INTCONbits                                (abs)        000FF2
_INTERRUPT_Initialize                      text7        001ADE
_INTERRUPT_InterruptManager                intcode      000008
_InitRadio                                 text8        00120C
_LATA                                      (abs)        000F89
_LATAbits                                  (abs)        000F89
_LATB                                      (abs)        000F8A
_LATC                                      (abs)        000F8B
_LATCbits                                  (abs)        000F8B
_OSCCON                                    (abs)        000FD3
_OSCCON2                                   (abs)        000FD2
_OSCILLATOR_Initialize                     text6        001AC0
_OSCTUNE                                   (abs)        000F9B
_PIE1bits                                  (abs)        000F9D
_PIN_MANAGER_Initialize                    text5        001950
_PIR1bits                                  (abs)        000F9E
_ProcessAckPayload                         text22       001136
_ProcessActionRequest                      text23       001754
_QueueTXPacket                             text25       0012DC
_RCONbits                                  (abs)        000FD0
_SPI1_ExchangeByte                         text20       001A6E
_SPI1_Initialize                           text4        001A9E
_SPI1_Open                                 text10       001470
_SSP1ADD                                   (abs)        000FC8
_SSP1BUF                                   (abs)        000FC9
_SSP1CON1                                  (abs)        000FC6
_SSP1CON1bits                              (abs)        000FC6
_SSP1CON2                                  (abs)        000FC5
_SSP1STAT                                  (abs)        000FC7
_SYSTEM_Initialize                         text1        001A88
_SendError                                 text24       001628
_SendPing                                  text31       00188C
_T1CON                                     (abs)        000FCD
_T1CONbits                                 (abs)        000FCD
_T1GCON                                    (abs)        000FCC
_T1GCONbits                                (abs)        000FCC
_TMR1                                      (abs)        000FCE
_TMR1H                                     (abs)        000FCF
_TMR1L                                     (abs)        000FCE
_TMR1_DefaultInterruptHandler              text28       001AE2
_TMR1_ISR                                  text27       001916
_TMR1_Initialize                           text2        00197C
_TMR1_InterruptHandler                     nvCOMRAM     000035
_TMR1_SetInterruptHandler                  text3        001ACE
_TMR1_WriteTimer                           text33       0019A6
_TRISA                                     (abs)        000F92
_TRISB                                     (abs)        000F93
_TRISC                                     (abs)        000F94
_TRISCbits                                 (abs)        000F94
_Ticks                                     bssCOMRAM    000031
_TimerInterruptHandler                     text29       0017F6
_VerifyBoardAddress                        text21       001696
_WPUB                                      (abs)        000F61
__HRAM                                     (abs)        000000
__Habs1                                    abs1         000000
__Hbank0                                   bank0        000000
__Hbank1                                   bank1        000000
__Hbank10                                  bank10       000000
__Hbank11                                  bank11       000000
__Hbank12                                  bank12       000000
__Hbank13                                  bank13       000000
__Hbank14                                  bank14       000000
__Hbank15                                  bank15       000000
__Hbank2                                   bank2        000000
__Hbank3                                   bank3        000000
__Hbank4                                   bank4        000000
__Hbank5                                   bank5        000000
__Hbank6                                   bank6        000000
__Hbank7                                   bank7        000000
__Hbank8                                   bank8        000000
__Hbank9                                   bank9        000000
__Hbigbss                                  bigbss       000000
__Hbigdata                                 bigdata      000000
__Hbigram                                  bigram       000000
__Hbigsfr                                  bigsfr       000000
__Hbss                                     bss          000000
__HbssBANK0                                bssBANK0     000000
__HbssBIGRAM                               bssBIGRAM    000000
__HbssCOMRAM                               bssCOMRAM    000000
__Hcinit                                   cinit        000000
__Hclrtext                                 clrtext      000000
__Hcomram                                  comram       000000
__Hconfig                                  config       30000E
__Hconst                                   const        000000
__HcstackBANK0                             cstackBANK0  000000
__HcstackCOMRAM                            cstackCOMRAM 000000
__Hdata                                    data         000000
__HdataBANK0                               dataBANK0    000000
__Heeprom_data                             eeprom_data  000000
__Hfarbss                                  farbss       000000
__Hfardata                                 fardata      000000
__Hheap                                    heap         000000
__Hibigdata                                ibigdata     000000
__Hidata                                   idata        000000
__HidataBANK0                              idataBANK0   000000
__Hidloc                                   idloc        200008
__Hifardata                                ifardata     000000
__Hinit                                    init         000080
__Hintcode                                 intcode      00007C
__Hintcode_body                            intcode_body 000000
__Hintcodelo                               intcodelo    00007C
__Hintentry                                intentry     000000
__Hintret                                  intret       000000
__Hintsave_regs                            intsave_regs 000000
__Hirdata                                  irdata       000000
__Hmediumconst                             mediumconst  000000
__HnvCOMRAM                                nvCOMRAM     000000
__HnvFARRAM                                nvFARRAM     000000
__Hnvbit                                   nvbit        000000
__Hnvrram                                  nvrram       000000
__Hparam                                   rparam       000000
__Hpowerup                                 powerup      00007C
__Hram                                     ram          000000
__Hramtop                                  ramtop       001000
__Hrbit                                    rbit         000000
__Hrbss                                    rbss         000000
__Hrdata                                   rdata        000000
__Hreset_vec                               reset_vec    000004
__Hrparam                                  rparam       000000
__Hsfr                                     sfr          000000
__Hsmallconst                              smallconst   001006
__Hspace_0                                 (abs)        001AE4
__Hspace_1                                 (abs)        0001DA
__Hspace_2                                 (abs)        000000
__Hspace_4                                 (abs)        60000E
__Hstack                                   stack        000000
__Hstruct                                  struct       000000
__Htemp                                    temp         00003A
__Htext                                    text         000000
__Htext0                                   text0        000000
__Htext1                                   text1        000000
__Htext10                                  text10       000000
__Htext11                                  text11       000000
__Htext12                                  text12       000000
__Htext13                                  text13       000000
__Htext14                                  text14       000000
__Htext15                                  text15       000000
__Htext16                                  text16       000000
__Htext17                                  text17       000000
__Htext18                                  text18       000000
__Htext19                                  text19       000000
__Htext2                                   text2        000000
__Htext20                                  text20       000000
__Htext21                                  text21       000000
__Htext22                                  text22       000000
__Htext23                                  text23       000000
__Htext24                                  text24       000000
__Htext25                                  text25       000000
__Htext27                                  text27       000000
__Htext28                                  text28       000000
__Htext29                                  text29       000000
__Htext3                                   text3        000000
__Htext30                                  text30       000000
__Htext31                                  text31       000000
__Htext32                                  text32       000000
__Htext33                                  text33       000000
__Htext34                                  text34       000000
__Htext4                                   text4        000000
__Htext5                                   text5        000000
__Htext6                                   text6        000000
__Htext7                                   text7        000000
__Htext8                                   text8        000000
__Htext9                                   text9        000000
__LRAM                                     (abs)        000001
__Labs1                                    abs1         000000
__Lbank0                                   bank0        000000
__Lbank1                                   bank1        000000
__Lbank10                                  bank10       000000
__Lbank11                                  bank11       000000
__Lbank12                                  bank12       000000
__Lbank13                                  bank13       000000
__Lbank14                                  bank14       000000
__Lbank15                                  bank15       000000
__Lbank2                                   bank2        000000
__Lbank3                                   bank3        000000
__Lbank4                                   bank4        000000
__Lbank5                                   bank5        000000
__Lbank6                                   bank6        000000
__Lbank7                                   bank7        000000
__Lbank8                                   bank8        000000
__Lbank9                                   bank9        000000
__Lbigbss                                  bigbss       000000
__Lbigdata                                 bigdata      000000
__Lbigram                                  bigram       000000
__Lbigsfr                                  bigsfr       000000
__Lbss                                     bss          000000
__LbssBANK0                                bssBANK0     000000
__LbssBIGRAM                               bssBIGRAM    000000
__LbssCOMRAM                               bssCOMRAM    000000
__Lcinit                                   cinit        000000
__Lclrtext                                 clrtext      000000
__Lcomram                                  comram       000000
__Lconfig                                  config       000000
__Lconst                                   const        000000
__LcstackBANK0                             cstackBANK0  000000
__LcstackCOMRAM                            cstackCOMRAM 000000
__Ldata                                    data         000000
__LdataBANK0                               dataBANK0    000000
__Leeprom_data                             eeprom_data  000000
__Lfarbss                                  farbss       000000
__Lfardata                                 fardata      000000
__Lheap                                    heap         000000
__Libigdata                                ibigdata     000000
__Lidata                                   idata        000000
__LidataBANK0                              idataBANK0   000000
__Lidloc                                   idloc        000000
__Lifardata                                ifardata     000000
__Linit                                    init         00007C
__Lintcode                                 intcode      000008
__Lintcode_body                            intcode_body 000000
__Lintcodelo                               intcodelo    00007C
__Lintentry                                intentry     000000
__Lintret                                  intret       000000
__Lintsave_regs                            intsave_regs 000000
__Lirdata                                  irdata       000000
__Lmediumconst                             mediumconst  000000
__LnvCOMRAM                                nvCOMRAM     000000
__LnvFARRAM                                nvFARRAM     000000
__Lnvbit                                   nvbit        000000
__Lnvrram                                  nvrram       000000
__Lparam                                   rparam       000000
__Lpowerup                                 powerup      00007C
__Lram                                     ram          000000
__Lramtop                                  ramtop       001000
__Lrbit                                    rbit         000000
__Lrbss                                    rbss         000000
__Lrdata                                   rdata        000000
__Lreset_vec                               reset_vec    000000
__Lrparam                                  rparam       000000
__Lsfr                                     sfr          000000
__Lsmallconst                              smallconst   001000
__Lspace_0                                 (abs)        000000
__Lspace_1                                 (abs)        000000
__Lspace_2                                 (abs)        000000
__Lspace_4                                 (abs)        000000
__Lstack                                   stack        000000
__Lstruct                                  struct       000000
__Ltemp                                    temp         000039
__Ltext                                    text         000000
__Ltext0                                   text0        000000
__Ltext1                                   text1        000000
__Ltext10                                  text10       000000
__Ltext11                                  text11       000000
__Ltext12                                  text12       000000
__Ltext13                                  text13       000000
__Ltext14                                  text14       000000
__Ltext15                                  text15       000000
__Ltext16                                  text16       000000
__Ltext17                                  text17       000000
__Ltext18                                  text18       000000
__Ltext19                                  text19       000000
__Ltext2                                   text2        000000
__Ltext20                                  text20       000000
__Ltext21                                  text21       000000
__Ltext22                                  text22       000000
__Ltext23                                  text23       000000
__Ltext24                                  text24       000000
__Ltext25                                  text25       000000
__Ltext27                                  text27       000000
__Ltext28                                  text28       000000
__Ltext29                                  text29       000000
__Ltext3                                   text3        000000
__Ltext30                                  text30       000000
__Ltext31                                  text31       000000
__Ltext32                                  text32       000000
__Ltext33                                  text33       000000
__Ltext34                                  text34       000000
__Ltext4                                   text4        000000
__Ltext5                                   text5        000000
__Ltext6                                   text6        000000
__Ltext7                                   text7        000000
__Ltext8                                   text8        000000
__Ltext9                                   text9        000000
__S0                                       (abs)        001AE4
__S1                                       (abs)        0001DA
__S4                                       (abs)        000000
__S5                                       (abs)        000000
___heap_hi                                 (abs)        000000
___heap_lo                                 (abs)        000000
___inthi_sp                                stack        000000
___intlo_sp                                stack        000000
___llmod                                   text30       001520
___llmod@counter                           cstackCOMRAM 000009
___llmod@dividend                          cstackCOMRAM 000001
___llmod@divisor                           cstackCOMRAM 000005
___param_bank                              (abs)        000000
___rparam_used                             (abs)        000001
___sp                                      stack        000000
__accesstop                                (abs)        000060
__activetblptr                             (abs)        000003
__end_of_HandlePacketLoop                  text11       001136
__end_of_INTERRUPT_Initialize              text7        001AE2
__end_of_INTERRUPT_InterruptManager        intcode      00007C
__end_of_InitRadio                         text8        0012DC
__end_of_OSCILLATOR_Initialize             text6        001ACE
__end_of_PIN_MANAGER_Initialize            text5        00197C
__end_of_ProcessAckPayload                 text22       00120C
__end_of_ProcessActionRequest              text23       0017A8
__end_of_QueueTXPacket                     text25       0013A6
__end_of_SPI1_ExchangeByte                 text20       001A88
__end_of_SPI1_Initialize                   text4        001AB0
__end_of_SPI1_Open                         text10       001520
__end_of_SYSTEM_Initialize                 text1        001A9E
__end_of_SendError                         text24       001696
__end_of_SendPing                          text31       0018D6
__end_of_TMR1_DefaultInterruptHandler      text28       001AE4
__end_of_TMR1_ISR                          text27       001950
__end_of_TMR1_Initialize                   text2        0019A6
__end_of_TMR1_SetInterruptHandler          text3        001AD8
__end_of_TMR1_WriteTimer                   text33       0019CE
__end_of_TimerInterruptHandler             text29       001842
__end_of_VerifyBoardAddress                text21       0016FE
__end_of___llmod                           text30       0015A8
__end_of__initialization                   cinit        00174A
__end_of_main                              text0        0019F4
__end_of_nrf24_flush_tx_rx                 text16       0017F6
__end_of_nrf24_read_buff                   text15       00188C
__end_of_nrf24_read_dynamic_payload_length text19       001A54
__end_of_nrf24_read_register               text18       001A6E
__end_of_nrf24_read_rf_data                text14       001A16
__end_of_nrf24_rf_init                     text9        001AC0
__end_of_nrf24_send_rf_data                text12       001A36
__end_of_nrf24_write_buff                  text13       001916
__end_of_nrf24_write_register              text17       001628
__end_of_spi1_configuration                smallconst   001005
__end_ofi2_QueueTXPacket                   text32       001470
__initialization                           cinit        0016FE
__mediumconst                              mediumconst  000000
__pbssBANK0                                bssBANK0     000060
__pbssBIGRAM                               bssBIGRAM    0000CA
__pbssCOMRAM                               bssCOMRAM    00002B
__pcinit                                   cinit        0016FE
__pcstackBANK0                             cstackBANK0  0000A0
__pcstackCOMRAM                            cstackCOMRAM 000001
__pdataBANK0                               dataBANK0    0000C4
__pidataBANK0                              idataBANK0   001AD8
__pintcode                                 intcode      000008
__pnvCOMRAM                                nvCOMRAM     000035
__psmallconst                              smallconst   001000
__ptext0                                   text0        0019CE
__ptext1                                   text1        001A88
__ptext10                                  text10       001470
__ptext11                                  text11       001006
__ptext12                                  text12       001A16
__ptext13                                  text13       0018D6
__ptext14                                  text14       0019F4
__ptext15                                  text15       001842
__ptext16                                  text16       0017A8
__ptext17                                  text17       0015A8
__ptext18                                  text18       001A54
__ptext19                                  text19       001A36
__ptext2                                   text2        00197C
__ptext20                                  text20       001A6E
__ptext21                                  text21       001696
__ptext22                                  text22       001136
__ptext23                                  text23       001754
__ptext24                                  text24       001628
__ptext25                                  text25       0012DC
__ptext27                                  text27       001916
__ptext28                                  text28       001AE2
__ptext29                                  text29       0017F6
__ptext3                                   text3        001ACE
__ptext30                                  text30       001520
__ptext31                                  text31       00188C
__ptext32                                  text32       0013A6
__ptext33                                  text33       0019A6
__ptext34                                  text34       000000
__ptext4                                   text4        001A9E
__ptext5                                   text5        001950
__ptext6                                   text6        001AC0
__ptext7                                   text7        001ADE
__ptext8                                   text8        00120C
__ptext9                                   text9        001AB0
__ramtop                                   ramtop       001000
__smallconst                               smallconst   001000
_bufferRX                                  bssBANK0     000060
_bufferTX                                  bssBANK0     000080
_config                                    bssCOMRAM    00002B
_main                                      text0        0019CE
_nrf24_flush_tx_rx                         text16       0017A8
_nrf24_read_buff                           text15       001842
_nrf24_read_dynamic_payload_length         text19       001A36
_nrf24_read_register                       text18       001A54
_nrf24_read_rf_data                        text14       0019F4
_nrf24_rf_init                             text9        001AB0
_nrf24_send_rf_data                        text12       001A16
_nrf24_write_buff                          text13       0018D6
_nrf24_write_register                      text17       0015A8
_packetsTX                                 bssBIGRAM    0000CA
_spi1_configuration                        smallconst   001001
_timer1ReloadVal                           nvCOMRAM     000037
btemp                                      temp         000039
end_of_initialization                      cinit        00174A
i2QueueTXPacket@buffer                     cstackCOMRAM 000001
i2QueueTXPacket@i                          cstackCOMRAM 000007
i2QueueTXPacket@j                          cstackCOMRAM 000006
i2QueueTXPacket@sz                         cstackCOMRAM 000003
i2_QueueTXPacket                           text32       0013A6
int$flags                                  temp         000039
intlevel0                                  text         000000
intlevel1                                  text         000000
intlevel2                                  text         000000
intlevel3                                  text         000000
isa$std                                    (abs)        000001
isa$xinst                                  (abs)        000000
nrf24_read_buff@buffer                     cstackCOMRAM 000013
nrf24_read_buff@bytes                      cstackCOMRAM 000015
nrf24_read_buff@i                          cstackCOMRAM 000017
nrf24_read_buff@mnemonic_addr              cstackCOMRAM 000016
nrf24_read_dynamic_payload_length@byte0    cstackCOMRAM 000013
nrf24_read_register@byte0                  cstackCOMRAM 000014
nrf24_read_register@mnemonic_addr          cstackCOMRAM 000013
nrf24_read_rf_data@buffer                  cstackCOMRAM 000018
nrf24_read_rf_data@sz                      cstackCOMRAM 00001A
nrf24_send_rf_data@buffer                  cstackCOMRAM 000018
nrf24_send_rf_data@sz                      cstackCOMRAM 00001A
nrf24_write_buff@buffer                    cstackCOMRAM 000013
nrf24_write_buff@bytes                     cstackCOMRAM 000015
nrf24_write_buff@i                         cstackCOMRAM 000017
nrf24_write_buff@mnemonic_addr             cstackCOMRAM 000016
nrf24_write_register@mnemonic_addr         cstackCOMRAM 000014
nrf24_write_register@value                 cstackCOMRAM 000013
stackhi                                    (abs)        000000
stacklo                                    (abs)        000000
start                                      init         00007C
start_initialization                       cinit        0016FE
ttemp5                                     temp         00003A
ttemp6                                     temp         00003D
ttemp7                                     temp         000041
wtemp8                                     temp         00003A


MODULE INFORMATION

Module		Function		Class		Link	Load	Size
mcc_generated_files/interrupt_manager.c
		_INTERRUPT_Initialize		CODE           	1ADE	0000	4
		_INTERRUPT_InterruptManager		CODE           	0008	0000	116

mcc_generated_files/interrupt_manager.c estimated size: 120

mcc_generated_files/pin_manager.c
		_PIN_MANAGER_Initialize		CODE           	1950	0000	44

mcc_generated_files/pin_manager.c estimated size: 44

mcc_generated_files/spi1.c
		_SPI1_Open     		CODE           	1470	0000	176
		_SPI1_Initialize		CODE           	1A9E	0000	18
		_SPI1_ExchangeByte		CODE           	1A6E	0000	26

mcc_generated_files/spi1.c estimated size: 220

../lib/nrf24_lib.c
		_nrf24_read_dynamic_payload_length		CODE           	1A36	0000	30
		_nrf24_send_rf_data		CODE           	1A16	0000	32
		_nrf24_rf_init 		CODE           	1AB0	0000	16
		_nrf24_flush_tx_rx		CODE           	17A8	0000	78
		_nrf24_read_rf_data		CODE           	19F4	0000	34
		_nrf24_write_register		CODE           	15A8	0000	128
		_nrf24_read_register		CODE           	1A54	0000	26
		_nrf24_write_buff		CODE           	18D6	0000	64
		_nrf24_read_buff		CODE           	1842	0000	74

../lib/nrf24_lib.c estimated size: 482

shared
		__initialization		CODE           	16FE	0000	76
		_spi1_configuration		SMALLCONST     	1001	0000	4
		i2_QueueTXPacket		CODE           	13A6	0000	202

shared estimated size: 282

mcc_generated_files/mcc.c
		_OSCILLATOR_Initialize		CODE           	1AC0	0000	14
		_SYSTEM_Initialize		CODE           	1A88	0000	22

mcc_generated_files/mcc.c estimated size: 36

mcc_generated_files/tmr1.c
		_TMR1_Initialize		CODE           	197C	0000	42
		_TMR1_SetInterruptHandler		CODE           	1ACE	0000	10
		_TMR1_DefaultInterruptHandler		CODE           	1AE2	0000	2
		_TMR1_WriteTimer		CODE           	19A6	0000	40
		_TMR1_ISR      		CODE           	1916	0000	58

mcc_generated_files/tmr1.c estimated size: 152

/Applications/microchip/xc8/v2.36/pic/sources/c99/common/llmod.c
		___llmod       		CODE           	1520	0000	136

/Applications/microchip/xc8/v2.36/pic/sources/c99/common/llmod.c estimated size: 136

main.c
		_main          		CODE           	19CE	0000	38

main.c estimated size: 38

handler.c
		_SendPing      		CODE           	188C	0000	74
		_ProcessActionRequest		CODE           	1754	0000	84
		_TimerInterruptHandler		CODE           	17F6	0000	76
		_VerifyBoardAddress		CODE           	1696	0000	104
		_HandlePacketLoop		CODE           	1006	0000	304
		_QueueTXPacket 		CODE           	12DC	0000	202
		_ProcessAckPayload		CODE           	1136	0000	214
		_SendError     		CODE           	1628	0000	110
		_InitRadio     		CODE           	120C	0000	208

handler.c estimated size: 1376

